// Jest Snapshot v1, https://goo.gl/fbAQLP

exports[`renders correctly 1`] = `
<ul>
  <li>
    <a
      className="active"
      href="#"
    >
      UTNianos
    </a>
  </li>
</ul>
`;
